Please enter 2 floating point numbers each with:
    -no more than 6 significant digits
    -a value between  +  10**37 and 10**-37
Enter Float 1: 34.5
Enter Float 2: 1.25
Original pattern of Float 1: 0 1000 0100 000 1010 0000 0000 0000 0000
Original pattern of Float 2: 0 0111 1111 010 0000 0000 0000 0000 0000
Bit pattern of result      : 0 1000 0100 000 1111 0000 0000 0000 0000

EMULATED FLOATING RESULT FROM PRINTF ==>> 35.75
HARDWARE FLOATING RESULT FROM PRINTF ==>> 35.75

[elima@mercury assign2]$ a.out
Please enter 2 floating point numbers each with:
    -no more than 6 significant digits
    -a value between  +  10**37 and 10**-37
Enter Float 1: 2.75e3
Enter Float 2: 256.0
Original pattern of Float 1: 0 1000 1010 010 1011 1110 0000 0000 0000
Original pattern of Float 2: 0 1000 0111 000 0000 0000 0000 0000 0000
Bit pattern of result      : 0 1000 1010 011 1011 1110 0000 0000 0000

EMULATED FLOATING RESULT FROM PRINTF ==>> 3006
HARDWARE FLOATING RESULT FROM PRINTF ==>> 3006
Please enter 2 floating point numbers each with:
    -no more than 6 significant digits
    -a value between  +  10**37 and 10**-37
Enter Float 1: 1.4e-3
Enter Float 2: 13.0
Original pattern of Float 1: 0 0111 0101 011 0111 1000 0000 0011 0100
Original pattern of Float 2: 0 1000 0010 101 0000 0000 0000 0000 0000
Bit pattern of result      : 0 1000 0010 101 0000 0000 0101 1011 1100

EMULATED FLOATING RESULT FROM PRINTF ==>> 13.0014
HARDWARE FLOATING RESULT FROM PRINTF ==>> 13.0014

[elima@mercury assign2]$ a.out
Please enter 2 floating point numbers each with:
    -no more than 6 significant digits
    -a value between  +  10**37 and 10**-37
Enter Float 1: 7.491
Enter Float 2: 6.617e20
Original pattern of Float 1: 0 1000 0001 110 1111 1011 0110 0100 0110
Original pattern of Float 2: 0 1100 0100 000 1111 0111 1011 1011 1011
Bit pattern of result      : 0 1000 0100 010 1101 0111 0010 1000 0011

EMULATED FLOATING RESULT FROM PRINTF ==>> 43.3618
HARDWARE FLOATING RESULT FROM PRINTF ==>> 6.617e+20
Please enter 2 floating point numbers each with:
    -no more than 6 significant digits
    -a value between  +  10**37 and 10**-37
Enter Float 1: 9643.0
Enter Float 2: 1.237e-2
Original pattern of Float 1: 0 1000 1100 001 0110 1010 1100 0000 0000
Original pattern of Float 2: 0 0111 1000 100 1010 1010 1011 1000 1010
Bit pattern of result      : 0 1000 1100 001 0110 1010 1100 0000 1100

EMULATED FLOATING RESULT FROM PRINTF ==>> 9643.01
HARDWARE FLOATING RESULT FROM PRINTF ==>> 9643.01

[elima@mercury assign2]$ 25e37
-bash: 25e37: command not found
[elima@mercury assign2]$ 15e37
-bash: 15e37: command not found
[elima@mercury assign2]$ a.out
Please enter 2 floating point numbers each with:
    -no more than 6 significant digits
    -a value between  +  10**37 and 10**-37
Enter Float 1: 25e37
Enter Float 2: 15e37
Original pattern of Float 1: 0 1111 1110 011 1100 0001 0100 0100 0000
Original pattern of Float 2: 0 1111 1101 110 0001 1011 0001 1110 0110
Bit pattern of result      : 0 1011 1111 001 0110 0111 0110 1001 1001

EMULATED FLOATING RESULT FROM PRINTF ==>> 2.1684e+19
HARDWARE FLOATING RESULT FROM PRINTF ==>> inf
